bpt, version  (branch: , revision: )
  build user:       
  build date:       
  go version:       go1.11.3
